CI smoke test log
Maven build failed: tests failed
